Archive member included because of file (symbol)

c:/users/chalpathi/desktop/arm/bin/../lib/gcc/arm-none-eabi/4.8.4/armv7-m\libgcc.a(_ashrdi3.o)
                              C:\cygwin64\tmp\ccIgZmuI.ltrans5.ltrans.o (__aeabi_lasr)
c:/users/chalpathi/desktop/arm/bin/../lib/gcc/arm-none-eabi/4.8.4/armv7-m\libgcc.a(_arm_addsubsf3.o)
                              C:\cygwin64\tmp\ccIgZmuI.ltrans0.ltrans.o (__aeabi_fsub)
c:/users/chalpathi/desktop/arm/bin/../lib/gcc/arm-none-eabi/4.8.4/armv7-m\libgcc.a(_arm_muldivsf3.o)
                              C:\cygwin64\tmp\ccIgZmuI.ltrans0.ltrans.o (__aeabi_fmul)
c:/users/chalpathi/desktop/arm/bin/../lib/gcc/arm-none-eabi/4.8.4/armv7-m\libgcc.a(_arm_cmpsf2.o)
                              C:\cygwin64\tmp\ccIgZmuI.ltrans0.ltrans.o (__aeabi_fcmpeq)
c:/users/chalpathi/desktop/arm/bin/../lib/gcc/arm-none-eabi/4.8.4/armv7-m\libgcc.a(_arm_fixsfsi.o)
                              C:\cygwin64\tmp\ccIgZmuI.ltrans0.ltrans.o (__aeabi_f2iz)
c:/users/chalpathi/desktop/arm/bin/../lib/gcc/arm-none-eabi/4.8.4/armv7-m\libgcc.a(_arm_fixunssfsi.o)
                              C:\cygwin64\tmp\ccIgZmuI.ltrans0.ltrans.o (__aeabi_f2uiz)
c:/users/chalpathi/desktop/arm/bin/../lib/gcc/arm-none-eabi/4.8.4/armv7-m\libgcc.a(_aeabi_ldivmod.o)
                              C:\cygwin64\tmp\ccIgZmuI.ltrans2.ltrans.o (__aeabi_ldivmod)
c:/users/chalpathi/desktop/arm/bin/../lib/gcc/arm-none-eabi/4.8.4/armv7-m\libgcc.a(_fixsfdi.o)
                              C:\cygwin64\tmp\ccIgZmuI.ltrans5.ltrans.o (__aeabi_f2lz)
c:/users/chalpathi/desktop/arm/bin/../lib/gcc/arm-none-eabi/4.8.4/armv7-m\libgcc.a(_fixunssfdi.o)
                              c:/users/chalpathi/desktop/arm/bin/../lib/gcc/arm-none-eabi/4.8.4/armv7-m\libgcc.a(_fixsfdi.o) (__aeabi_f2ulz)
c:/users/chalpathi/desktop/arm/bin/../lib/gcc/arm-none-eabi/4.8.4/armv7-m\libgcc.a(bpabi.o)
                              c:/users/chalpathi/desktop/arm/bin/../lib/gcc/arm-none-eabi/4.8.4/armv7-m\libgcc.a(_aeabi_ldivmod.o) (__gnu_ldivmod_helper)
c:/users/chalpathi/desktop/arm/bin/../lib/gcc/arm-none-eabi/4.8.4/armv7-m\libgcc.a(_dvmd_tls.o)
                              c:/users/chalpathi/desktop/arm/bin/../lib/gcc/arm-none-eabi/4.8.4/armv7-m\libgcc.a(_aeabi_ldivmod.o) (__aeabi_ldiv0)
c:/users/chalpathi/desktop/arm/bin/../lib/gcc/arm-none-eabi/4.8.4/armv7-m\libgcc.a(_arm_addsubdf3.o)
                              c:/users/chalpathi/desktop/arm/bin/../lib/gcc/arm-none-eabi/4.8.4/armv7-m\libgcc.a(_fixunssfdi.o) (__aeabi_dsub)
c:/users/chalpathi/desktop/arm/bin/../lib/gcc/arm-none-eabi/4.8.4/armv7-m\libgcc.a(_arm_muldivdf3.o)
                              c:/users/chalpathi/desktop/arm/bin/../lib/gcc/arm-none-eabi/4.8.4/armv7-m\libgcc.a(_fixunssfdi.o) (__aeabi_dmul)
c:/users/chalpathi/desktop/arm/bin/../lib/gcc/arm-none-eabi/4.8.4/armv7-m\libgcc.a(_arm_fixunsdfsi.o)
                              c:/users/chalpathi/desktop/arm/bin/../lib/gcc/arm-none-eabi/4.8.4/armv7-m\libgcc.a(_fixunssfdi.o) (__aeabi_d2uiz)
c:/users/chalpathi/desktop/arm/bin/../lib/gcc/arm-none-eabi/4.8.4/armv7-m\libgcc.a(_divdi3.o)
                              c:/users/chalpathi/desktop/arm/bin/../lib/gcc/arm-none-eabi/4.8.4/armv7-m\libgcc.a(bpabi.o) (__divdi3)
c:/users/chalpathi/desktop/arm/bin/../lib/gcc/arm-none-eabi/4.8.4/armv7-m\libgcc.a(_udivdi3.o)
                              c:/users/chalpathi/desktop/arm/bin/../lib/gcc/arm-none-eabi/4.8.4/armv7-m\libgcc.a(bpabi.o) (__udivdi3)
c:/users/chalpathi/desktop/arm/bin/../lib/gcc/arm-none-eabi/4.8.4/../../../../arm-none-eabi/lib/armv7-m\libg_s.a(lib_a-memcpy-stub.o)
                              C:\cygwin64\tmp\ccIgZmuI.ltrans7.ltrans.o (memcpy)
c:/users/chalpathi/desktop/arm/bin/../lib/gcc/arm-none-eabi/4.8.4/../../../../arm-none-eabi/lib/armv7-m\libg_s.a(lib_a-memset.o)
                              C:\cygwin64\tmp\ccIgZmuI.ltrans1.ltrans.o (memset)
c:/users/chalpathi/desktop/arm/bin/../lib/gcc/arm-none-eabi/4.8.4/../../../../arm-none-eabi/lib/armv7-m\libg_s.a(lib_a-strchr.o)
                              C:\cygwin64\tmp\ccIgZmuI.ltrans7.ltrans.o (strchr)
c:/users/chalpathi/desktop/arm/bin/../lib/gcc/arm-none-eabi/4.8.4/../../../../arm-none-eabi/lib/armv7-m\libg_s.a(lib_a-strlen.o)
                              C:\cygwin64\tmp\ccIgZmuI.ltrans2.ltrans.o (strlen)
c:/users/chalpathi/desktop/arm/bin/../lib/gcc/arm-none-eabi/4.8.4/../../../../arm-none-eabi/lib/armv7-m\libm.a(lib_a-sf_lrint.o)
                              C:\cygwin64\tmp\ccIgZmuI.ltrans0.ltrans.o (lrintf)
c:/users/chalpathi/desktop/arm/bin/../lib/gcc/arm-none-eabi/4.8.4/../../../../arm-none-eabi/lib/armv7-m\libm.a(lib_a-wf_acos.o)
                              C:\cygwin64\tmp\ccIgZmuI.ltrans0.ltrans.o (acosf)
c:/users/chalpathi/desktop/arm/bin/../lib/gcc/arm-none-eabi/4.8.4/../../../../arm-none-eabi/lib/armv7-m\libm.a(lib_a-wf_atan2.o)
                              C:\cygwin64\tmp\ccIgZmuI.ltrans0.ltrans.o (atan2f)
[...]
Memory Configuration

Name             Origin             Length             Attributes
FLASH            0x08000000         0x0000f800         xr
RAM              0x20000000         0x00005000         xrw
MEMORY_B1        0x60000000         0x00000000         xr
*default*        0x00000000         0xffffffff

Linker script and memory map

LOAD obj/main/CJMCU/startup_stm32f10x_md_gcc.o
LOAD obj/main/CJMCU/drivers/adc.o
LOAD C:\cygwin64\tmp\ccIgZmuI.ltrans0.ltrans.o
LOAD C:\cygwin64\tmp\ccIgZmuI.ltrans1.ltrans.o
LOAD C:\cygwin64\tmp\ccIgZmuI.ltrans2.ltrans.o
LOAD C:\cygwin64\tmp\ccIgZmuI.ltrans3.ltrans.o
LOAD C:\cygwin64\tmp\ccIgZmuI.ltrans4.ltrans.o
LOAD C:\cygwin64\tmp\ccIgZmuI.ltrans5.ltrans.o
LOAD C:\cygwin64\tmp\ccIgZmuI.ltrans6.ltrans.o
LOAD C:\cygwin64\tmp\ccIgZmuI.ltrans7.ltrans.o
LOAD C:\cygwin64\tmp\ccIgZmuI.ltrans8.ltrans.o
LOAD C:\cygwin64\tmp\ccIgZmuI.ltrans9.ltrans.o
LOAD C:\cygwin64\tmp\ccIgZmuI.ltrans10.ltrans.o
LOAD C:\cygwin64\tmp\ccIgZmuI.ltrans11.ltrans.o
LOAD C:\cygwin64\tmp\ccIgZmuI.ltrans12.ltrans.o
LOAD c:/users/chalpathi/desktop/arm/bin/../lib/gcc/arm-none-eabi/4.8.4/armv7-m\libgcc.a
LOAD c:/users/chalpathi/desktop/arm/bin/../lib/gcc/arm-none-eabi/4.8.4/../../../../arm-none-eabi/lib/armv7-m\libg_s.a
LOAD c:/users/chalpathi/desktop/arm/bin/../lib/gcc/arm-none-eabi/4.8.4/../../../../arm-none-eabi/lib/armv7-m\libc_s.a
LOAD c:/users/chalpathi/desktop/arm/bin/../lib/gcc/arm-none-eabi/4.8.4/armv7-m\libgcc.a
LOAD c:/users/chalpathi/desktop/arm/bin/../lib/gcc/arm-none-eabi/4.8.4/../../../../arm-none-eabi/lib/armv7-m\libc_s.a
LOAD obj/main/CJMCU/drivers/adc_stm32f10x.o
LOAD obj/main/CJMCU/drivers/accgyro_mpu.o
LOAD obj/main/CJMCU/drivers/accgyro_mpu6050.o
LOAD obj/main/CJMCU/drivers/bus_i2c_stm32f10x.o
LOAD obj/main/CJMCU/drivers/compass_hmc5883l.o
LOAD obj/main/CJMCU/drivers/gpio_stm32f10x.o
LOAD obj/main/CJMCU/drivers/light_led_stm32f10x.o
LOAD obj/main/CJMCU/drivers/pwm_mapping.o
LOAD obj/main/CJMCU/drivers/pwm_output.o
LOAD obj/main/CJMCU/drivers/pwm_rx.o
LOAD obj/main/CJMCU/drivers/serial_uart.o
LOAD obj/main/CJMCU/drivers/serial_uart_stm32f10x.o
LOAD obj/main/CJMCU/drivers/sound_beeper_stm32f10x.o
LOAD obj/main/CJMCU/drivers/system_stm32f10x.o
LOAD obj/main/CJMCU/drivers/timer.o
LOAD obj/main/CJMCU/drivers/timer_stm32f10x.o
LOAD obj/main/CJMCU/hardware_revision.o
LOAD obj/main/CJMCU/drivers/barometer_ms5611.o
LOAD obj/main/CJMCU/sensors/barometer.o
LOAD obj/main/CJMCU/build_config.o
LOAD obj/main/CJMCU/debug.o
LOAD obj/main/CJMCU/version.o
LOAD obj/main/CJMCU/config/config.o
LOAD obj/main/CJMCU/config/runtime_config.o
LOAD obj/main/CJMCU/common/maths.o
LOAD obj/main/CJMCU/common/printf.o
LOAD obj/main/CJMCU/common/typeconversion.o
LOAD obj/main/CJMCU/common/encoding.o
LOAD obj/main/CJMCU/main.o
LOAD obj/main/CJMCU/mw.o
LOAD obj/main/CJMCU/flight/altitudehold.o
LOAD obj/main/CJMCU/flight/failsafe.o
LOAD obj/main/CJMCU/flight/pid.o
LOAD obj/main/CJMCU/flight/imu.o
LOAD obj/main/CJMCU/flight/mixer.o
LOAD obj/main/CJMCU/flight/lowpass.o
LOAD obj/main/CJMCU/flight/filter.o
LOAD obj/main/CJMCU/drivers/bus_i2c_soft.o
LOAD obj/main/CJMCU/drivers/serial.o
LOAD obj/main/CJMCU/drivers/sound_beeper.o
LOAD obj/main/CJMCU/drivers/system.o
LOAD obj/main/CJMCU/io/beeper.o
LOAD obj/main/CJMCU/io/rc_controls.o
LOAD obj/main/CJMCU/io/rc_curves.o
LOAD obj/main/CJMCU/io/serial.o
LOAD obj/main/CJMCU/io/serial_1wire.o
LOAD obj/main/CJMCU/io/serial_cli.o
LOAD obj/main/CJMCU/io/serial_msp.o
LOAD obj/main/CJMCU/io/statusindicator.o
LOAD obj/main/CJMCU/rx/rx.o
LOAD obj/main/CJMCU/rx/pwm.o
LOAD obj/main/CJMCU/rx/msp.o
LOAD obj/main/CJMCU/rx/sbus.o
LOAD obj/main/CJMCU/rx/sumd.o
LOAD obj/main/CJMCU/rx/sumh.o
LOAD obj/main/CJMCU/rx/spektrum.o
LOAD obj/main/CJMCU/rx/xbus.o
LOAD obj/main/CJMCU/sensors/acceleration.o
LOAD obj/main/CJMCU/sensors/battery.o
LOAD obj/main/CJMCU/sensors/boardalignment.o
LOAD obj/main/CJMCU/sensors/compass.o
LOAD obj/main/CJMCU/sensors/gyro.o
LOAD obj/main/CJMCU/sensors/initialisation.o
LOAD obj/main/CJMCU/core_cm3.o
LOAD obj/main/CJMCU/system_stm32f10x.o
LOAD obj/main/CJMCU/stm32f10x_gpio.o
LOAD obj/main/CJMCU/stm32f10x_fsmc.o
LOAD obj/main/CJMCU/stm32f10x_exti.o
LOAD obj/main/CJMCU/stm32f10x_bkp.o
LOAD obj/main/CJMCU/stm32f10x_spi.o
LOAD obj/main/CJMCU/stm32f10x_adc.o
LOAD obj/main/CJMCU/stm32f10x_iwdg.o
LOAD obj/main/CJMCU/misc.o
LOAD obj/main/CJMCU/stm32f10x_wwdg.o
LOAD obj/main/CJMCU/stm32f10x_tim.o
LOAD obj/main/CJMCU/stm32f10x_usart.o
LOAD obj/main/CJMCU/stm32f10x_flash.o
LOAD obj/main/CJMCU/stm32f10x_rcc.o
LOAD obj/main/CJMCU/stm32f10x_sdio.o
LOAD obj/main/CJMCU/stm32f10x_i2c.o
LOAD obj/main/CJMCU/stm32f10x_pwr.o
LOAD obj/main/CJMCU/stm32f10x_rtc.o
LOAD obj/main/CJMCU/stm32f10x_dac.o
LOAD obj/main/CJMCU/stm32f10x_dbgmcu.o
LOAD obj/main/CJMCU/stm32f10x_dma.o
LOAD c:/users/chalpathi/desktop/arm/bin/../lib/gcc/arm-none-eabi/4.8.4/../../../../arm-none-eabi/lib/armv7-m\libm.a
LOAD c:/users/chalpathi/desktop/arm/bin/../lib/gcc/arm-none-eabi/4.8.4/../../../../arm-none-eabi/lib/armv7-m\libc_s.a
LOAD c:/users/chalpathi/desktop/arm/bin/../lib/gcc/arm-none-eabi/4.8.4/../../../../arm-none-eabi/lib/armv7-m\libnosys.a
START GROUP
LOAD c:/users/chalpathi/desktop/arm/bin/../lib/gcc/arm-none-eabi/4.8.4/armv7-m\libgcc.a
LOAD c:/users/chalpathi/desktop/arm/bin/../lib/gcc/arm-none-eabi/4.8.4/../../../../arm-none-eabi/lib/armv7-m\libg_s.a
LOAD c:/users/chalpathi/desktop/arm/bin/../lib/gcc/arm-none-eabi/4.8.4/../../../../arm-none-eabi/lib/armv7-m\libc_s.a
END GROUP
START GROUP
LOAD c:/users/chalpathi/desktop/arm/bin/../lib/gcc/arm-none-eabi/4.8.4/armv7-m\libgcc.a
LOAD c:/users/chalpathi/desktop/arm/bin/../lib/gcc/arm-none-eabi/4.8.4/../../../../arm-none-eabi/lib/armv7-m\libc_s.a
END GROUP
                0x20005000                _estack = (ORIGIN (RAM) + 0x5000)
                0x00000000                _Min_Heap_Size = 0x0
                0x00000400                _Min_Stack_Size = 0x400

.isr_vector     0x08000000      0x10c
                0x08000000                . = ALIGN (0x4)
                0x08000000                PROVIDE (isr_vector_table_base, .)
 *(.isr_vector)
 .isr_vector    0x08000000      0x10c obj/main/CJMCU/startup_stm32f10x_md_gcc.o
                0x08000000                g_pfnVectors
                0x0800010c                . = ALIGN (0x4)

.text           0x08000110     0xdc8c
                0x08000110                . = ALIGN (0x4)
 *(.text)
 .text          0x08000110     0x1524 C:\cygwin64\tmp\ccIgZmuI.ltrans1.ltrans.o
                0x08000110                init
 .text          0x08001634     0x1998 C:\cygwin64\tmp\ccIgZmuI.ltrans2.ltrans.o
                0x08001634                annexCode
 .text          0x08002fcc     0x10b4 C:\cygwin64\tmp\ccIgZmuI.ltrans3.ltrans.o
                0x08002fcc                processRx
 .text          0x08004080     0x146c C:\cygwin64\tmp\ccIgZmuI.ltrans4.ltrans.o
                0x08004144                xBusReadRawRC.10661
                0x0800415c                spektrumReadRawRC.10516
                0x08004184                sumhReadRawRC.10400
                0x08004198                sumdReadRawRC.10292
                0x080041a8                sbusReadRawRC.10160
                0x080041d4                rxMspReadRawRC.10097
                0x080041e0                pwmReadRawRC.10074
                0x080041ec                ppmReadRawRC.10062
                0x080041f8                nullReadRawRC.9849
                0x080041fc                ms5611_calculate.5895
                0x080043a4                uartRead
                0x080043d4                uartTotalRxBytesWaiting
                0x080043f6                isUartTransmitBufferEmpty
                0x0800440c                uartTotalTxBytesFree
                0x08004434                ppmEdgeCallback.5035
                0x08004510                pwmOverflowCallback.5023
                0x08004538                ppmOverflowCallback.5031
                0x08004548                pwmWriteStandard.4766
                0x08004558                pwmWriteBrushed.4762
                0x0800457c                mpuGyroRead
                0x080045c4                mpuAccRead
                0x0800460c                DMA_Init
                0x08004648                DMA_DeInit
                0x08004738                RCC_GetClocksFreq
                0x080047cc                FLASH_WaitForLastOperation
                0x080047ee                pwmICConfig
                0x080049e8                pwmEdgeCallback.5027
                0x08004a40                alignSensors
                0x08004b88                batteryAdcToVoltage
                0x08004bb4                beeperSilence
                0x08004be0                beeper
                0x08004c24                mwDisarm
                0x08004c3c                beeperConfirmationBeeps
                0x08004c74                enableFlightMode
                0x08004c94                disableFlightMode
                0x08004cb4                serialize8.9586
                0x08004d14                headSerialError.9605.constprop.10
                0x08004d1c                headSerialReply.9602
                0x08004d24                serialize16.9592
                0x08004d36                serialize32.9595
                0x08004d48                read8.9561
                0x08004d5c                read16.9563
                0x08004d70                findNextSerialPortConfig
                0x08004db0                findSerialPortConfig
                0x08004dc0                generateThrottleCurve
                0x08004e48                generatePitchRollCurve
                0x08004e7c                activateControlRateConfig
                0x08004ec0                micros
                0x08004ef8                suspendRxSignal
                0x08004f28                xBusDataReceive.10654
                0x08004ff4                spektrumDataReceive.10510
                0x08005040                sumhDataReceive.10397
                0x0800508c                sumdDataReceive.10286
                0x0800513c                sbusDataReceive.10157
                0x08005190                delayMicroseconds
                0x080051a6                delay
                0x080051ba                extiHandler.8581
                0x080051d4                filterApplyPt1
                0x08005240                pidSetController
                0x08005288                pidResetErrorAngle
                0x080052a4                applyDeadband
                0x080052c2                sin_approx
                0x080053a8                featureClear
                0x080053b8                timCCxHandler.5581
                0x0800543e                lookupTimerIndex.5571
                0x08005478                gpioInit
 .text          0x080054ec      0x9dc C:\cygwin64\tmp\ccIgZmuI.ltrans5.ltrans.o
                0x0800553c                mpu6050AccInit.4260
                0x08005568                mpu6050GyroInit.4262
                0x080055f8                i2c_ev_handler.4335
                0x080058a4                updateBatteryVoltage.10890
                0x08005ac0                uartStartTxDMA
                0x08005af2                NVIC_Init.part.0.12322.constprop.92
                0x08005b30                configTimeBase
                0x08005bd8                pwmOutConfig.4833
                0x08005e74                resetSerialConfig.constprop.58
                0x08005ea8                isModeActivationConditionPresent.constprop.51
 .text          0x08005ec8      0xe48 C:\cygwin64\tmp\ccIgZmuI.ltrans6.ltrans.o
                0x08005ec8                uartWrite
                0x08005ef6                pidHarakiri.8028
                0x080064e8                pidMultiWii.7942
                0x08006774                timerConfigure.constprop.72
                0x080067cc                buildRotationMatrix
                0x080068cc                rotateV
                0x08006972                isEEPROMContentValid.6321
                0x080069b8                calculateThrottleStatus
                0x080069f4                writeMotors
                0x08006a94                stopMotors
                0x08006ae0                failureMode
                0x08006b70                writeEEPROM
                0x08006cb8                getRxfailValue.9881
 .text          0x08006d10      0xe34 C:\cygwin64\tmp\ccIgZmuI.ltrans7.ltrans.o
                0x08006d10                _putc.6614
                0x08006d24                pidLuxFloat.8035
                0x08007070                pidRewrite.8042
                0x080072c4                readEEPROM
                0x080075ec                saveConfigAndNotify
                0x08007600                resetConf.6385
                0x080079fc                usartIrqCallback
                0x08007a62                imuCalculateHeading
 .text          0x08007b44      0x894 C:\cygwin64\tmp\ccIgZmuI.ltrans8.ltrans.o
                0x08007b44                pidMultiWiiHybrid.8014
                0x08007e50                pidMultiWii23.8021
                0x08008108                isRangeActive.part.0.8821
                0x08008150                failsafeActivate.7823
                0x0800818c                resumeRxSignal
                0x080081bc                mwArm
                0x08008228                uartReconfigure.5191
                0x08008328                uartSetMode
                0x0800832c                uartSetBaudRate
                0x08008330                timerChConfigCallbacks
 .text          0x080083d8      0x620 C:\cygwin64\tmp\ccIgZmuI.ltrans9.ltrans.o
                0x080083d8                i2cInit
                0x080085e8                i2cWrite
                0x08008668                ms5611_start_up.5908
                0x08008670                ms5611_start_ut.5910
                0x08008678                mpuWriteRegisterI2C.4176
                0x08008682                i2cRead
                0x08008724                ms5611_get_ut.5903
                0x08008734                ms5611_get_up.5901
                0x08008744                hmc5883lRead
                0x080087bc                hmc5883lInit
                0x0800895c                mpuReadRegisterI2C.4180
                0x08008970                i2c_er_handler.4346
 .text          0x080089f8      0x38c C:\cygwin64\tmp\ccIgZmuI.ltrans10.ltrans.o
                0x08008c90                openSerialPort
                0x08008cec                spektrumInit.constprop.32
 .text          0x08008d84       0xb4 C:\cygwin64\tmp\ccIgZmuI.ltrans11.ltrans.o
                0x08008d84                TIM4_IRQHandler
                0x08008d94                TIM3_IRQHandler
                0x08008da4                TIM2_IRQHandler
                0x08008db4                TIM1_UP_IRQHandler
                0x08008dc4                TIM1_CC_IRQHandler
                0x08008dd4                USART2_IRQHandler
                0x08008de0                USART1_IRQHandler
                0x08008dec                DMA1_Channel4_IRQHandler
                0x08008e28                I2C2_ER_IRQHandler
                0x08008e2c                I2C1_ER_IRQHandler
                0x08008e30                I2C2_EV_IRQHandler
                0x08008e34                I2C1_EV_IRQHandler
 .text          0x08008e38       0x84 C:\cygwin64\tmp\ccIgZmuI.ltrans12.ltrans.o
                0x08008e38                SystemInit
                0x08008e84                SysTick_Handler
                0x08008e94                EXTI3_IRQHandler
                0x08008e9a                EXTI15_10_IRQHandler
                0x08008ea0                HardFault_Handler
 .text          0x08008ebc       0x1c c:/users/chalpathi/desktop/arm/bin/../lib/gcc/arm-none-eabi/4.8.4/armv7-m\libgcc.a(_ashrdi3.o)
                0x08008ebc                __aeabi_lasr
                0x08008ebc                __ashrdi3
 .text          0x08008ed8      0x21c c:/users/chalpathi/desktop/arm/bin/../lib/gcc/arm-none-eabi/4.8.4/armv7-m\libgcc.a(_arm_addsubsf3.o)
                0x08008ed8                __aeabi_frsub
                0x08008ee0                __subsf3
                0x08008ee0                __aeabi_fsub
                0x08008ee4                __aeabi_fadd
                0x08008ee4                __addsf3
                0x08009044                __aeabi_ui2f
                0x08009044                __floatunsisf
                0x0800904c                __aeabi_i2f
                0x0800904c                __floatsisf
                0x08009068                __aeabi_ul2f
                0x08009068                __floatundisf
                0x08009078                __aeabi_l2f
                0x08009078                __floatdisf
 .text          0x080090f4      0x2a0 c:/users/chalpathi/desktop/arm/bin/../lib/gcc/arm-none-eabi/4.8.4/armv7-m\libgcc.a(_arm_muldivsf3.o)
                0x080090f4                __mulsf3
                0x080090f4                __aeabi_fmul
                0x0800925c                __aeabi_fdiv
                0x0800925c                __divsf3
 .text          0x08009394       0xec c:/users/chalpathi/desktop/arm/bin/../lib/gcc/arm-none-eabi/4.8.4/armv7-m\libgcc.a(_arm_cmpsf2.o)
                0x08009394                __gesf2
                0x08009394                __gtsf2
                0x0800939c                __lesf2
                0x0800939c                __ltsf2
                0x080093a4                __nesf2
                0x080093a4                __eqsf2
                0x080093a4                __cmpsf2
                0x08009404                __aeabi_cfrcmple
                0x0800940c                __aeabi_cfcmpeq
                0x0800940c                __aeabi_cfcmple
                0x0800941c                __aeabi_fcmpeq
                0x08009430                __aeabi_fcmplt
                0x08009444                __aeabi_fcmple
                0x08009458                __aeabi_fcmpge
                0x0800946c                __aeabi_fcmpgt
 .text          0x08009480       0x4c c:/users/chalpathi/desktop/arm/bin/../lib/gcc/arm-none-eabi/4.8.4/armv7-m\libgcc.a(_arm_fixsfsi.o)
                0x08009480                __aeabi_f2iz
                0x08009480                __fixsfsi
 .text          0x080094cc       0x40 c:/users/chalpathi/desktop/arm/bin/../lib/gcc/arm-none-eabi/4.8.4/armv7-m\libgcc.a(_arm_fixunssfsi.o)
                0x080094cc                __fixunssfsi
                0x080094cc                __aeabi_f2uiz
 .text          0x0800950c       0x38 c:/users/chalpathi/desktop/arm/bin/../lib/gcc/arm-none-eabi/4.8.4/armv7-m\libgcc.a(_aeabi_ldivmod.o)
                0x0800950c                __aeabi_ldivmod
 .text          0x08009544       0x28 c:/users/chalpathi/desktop/arm/bin/../lib/gcc/arm-none-eabi/4.8.4/armv7-m\libgcc.a(_fixsfdi.o)
                0x08009544                __fixsfdi
                0x08009544                __aeabi_f2lz
 .text          0x0800956c       0x48 c:/users/chalpathi/desktop/arm/bin/../lib/gcc/arm-none-eabi/4.8.4/armv7-m\libgcc.a(_fixunssfdi.o)
                0x0800956c                __fixunssfdi
                0x0800956c                __aeabi_f2ulz
 .text          0x080095b4       0x60 c:/users/chalpathi/desktop/arm/bin/../lib/gcc/arm-none-eabi/4.8.4/armv7-m\libgcc.a(bpabi.o)
                0x080095b4                __gnu_ldivmod_helper
                0x080095e4                __gnu_uldivmod_helper
 .text          0x08009614        0x4 c:/users/chalpathi/desktop/arm/bin/../lib/gcc/arm-none-eabi/4.8.4/armv7-m\libgcc.a(_dvmd_tls.o)
                0x08009614                __aeabi_idiv0
                0x08009614                __aeabi_ldiv0
 .text          0x08009618      0x370 c:/users/chalpathi/desktop/arm/bin/../lib/gcc/arm-none-eabi/4.8.4/armv7-m\libgcc.a(_arm_addsubdf3.o)
                0x08009618                __aeabi_drsub
                0x08009620                __aeabi_dsub
                0x08009620                __subdf3
                0x08009624                __aeabi_dadd
                0x08009624                __adddf3
                0x0800989c                __floatunsidf
                0x0800989c                __aeabi_ui2d
                0x080098bc                __floatsidf
                0x080098bc                __aeabi_i2d
                0x080098e0                __aeabi_f2d
                0x080098e0                __extendsfdf2
                0x0800991c                __floatundidf
                0x0800991c                __aeabi_ul2d
                0x0800992c                __floatdidf
                0x0800992c                __aeabi_l2d
 .text          0x08009988      0x424 c:/users/chalpathi/desktop/arm/bin/../lib/gcc/arm-none-eabi/4.8.4/armv7-m\libgcc.a(_arm_muldivdf3.o)
                0x08009988                __aeabi_dmul
                0x08009988                __muldf3
                0x08009bdc                __divdf3
                0x08009bdc                __aeabi_ddiv
 .text          0x08009dac       0x40 c:/users/chalpathi/desktop/arm/bin/../lib/gcc/arm-none-eabi/4.8.4/armv7-m\libgcc.a(_arm_fixunsdfsi.o)
                0x08009dac                __aeabi_d2uiz
                0x08009dac                __fixunsdfsi
 .text          0x08009dec      0x2a0 c:/users/chalpathi/desktop/arm/bin/../lib/gcc/arm-none-eabi/4.8.4/armv7-m\libgcc.a(_divdi3.o)
                0x08009dec                __divdi3
 .text          0x0800a08c      0x290 c:/users/chalpathi/desktop/arm/bin/../lib/gcc/arm-none-eabi/4.8.4/armv7-m\libgcc.a(_udivdi3.o)
                0x0800a08c                __udivdi3
 .text          0x0800a31c      0x110 c:/users/chalpathi/desktop/arm/bin/../lib/gcc/arm-none-eabi/4.8.4/armv7-m\libgcc.a(_arm_cmpdf2.o)
                0x0800a31c                __gtdf2
                0x0800a31c                __gedf2
                0x0800a324                __ltdf2
                0x0800a324                __ledf2
                0x0800a32c                __nedf2
                0x0800a32c                __eqdf2
                0x0800a32c                __cmpdf2
                0x0800a3a8                __aeabi_cdrcmple
                0x0800a3b8                __aeabi_cdcmpeq
                0x0800a3b8                __aeabi_cdcmple
                0x0800a3c8                __aeabi_dcmpeq
                0x0800a3dc                __aeabi_dcmplt
                0x0800a3f0                __aeabi_dcmple
                0x0800a404                __aeabi_dcmpge
                0x0800a418                __aeabi_dcmpgt
 .text          0x0800a42c       0xa0 c:/users/chalpathi/desktop/arm/bin/../lib/gcc/arm-none-eabi/4.8.4/armv7-m\libgcc.a(_arm_truncdfsf2.o)
                0x0800a42c                __truncdfsf2
                0x0800a42c                __aeabi_d2f
 *(.text*)
 .text.Reset_Handler
                0x0800a4cc       0xac obj/main/CJMCU/startup_stm32f10x_md_gcc.o
                0x0800a4cc                Reset_Handler
 .text.Default_Handler
                0x0800a578        0x4 obj/main/CJMCU/startup_stm32f10x_md_gcc.o
                0x0800a578                EXTI2_IRQHandler
                0x0800a578                DebugMon_Handler
                0x0800a578                PVD_IRQHandler
                0x0800a578                PendSV_Handler
                0x0800a578                NMI_Handler
                0x0800a578                EXTI0_IRQHandler
                0x0800a578                UsageFault_Handler
                0x0800a578                ADC1_2_IRQHandler
                0x0800a578                SPI1_IRQHandler
                0x0800a578                TAMPER_IRQHandler
                0x0800a578                USART3_IRQHandler
                0x0800a578                RTC_IRQHandler
                0x0800a578                DMA1_Channel7_IRQHandler
                0x0800a578                CAN1_RX1_IRQHandler
                0x0800a578                DMA1_Channel6_IRQHandler
                0x0800a578                RCC_IRQHandler
                0x0800a578                TIM1_TRG_COM_IRQHandler
                0x0800a578                DMA1_Channel1_IRQHandler
                0x0800a578                Default_Handler
                0x0800a578                EXTI9_5_IRQHandler
                0x0800a578                SPI2_IRQHandler
                0x0800a578                MemManage_Handler
                0x0800a578                SVC_Handler
                0x0800a578                DMA1_Channel5_IRQHandler
                0x0800a578                EXTI4_IRQHandler
                0x0800a578                USB_LP_CAN1_RX0_IRQHandler
                0x0800a578                USB_HP_CAN1_TX_IRQHandler
                0x0800a578                DMA1_Channel3_IRQHandler
                0x0800a578                WWDG_IRQHandler
                0x0800a578                TIM1_BRK_IRQHandler
                0x0800a578                EXTI1_IRQHandler
                0x0800a578                RTCAlarm_IRQHandler
                0x0800a578                DMA1_Channel2_IRQHandler
                0x0800a578                CAN1_SCE_IRQHandler
                0x0800a578                FLASH_IRQHandler
                0x0800a578                BusFault_Handler
                0x0800a578                USBWakeUp_IRQHandler
 .text.startup  0x0800a57c     0x1ce4 C:\cygwin64\tmp\ccIgZmuI.ltrans0.ltrans.o
                0x0800a57c                main
 .text.memcpy   0x0800c260       0x12 c:/users/chalpathi/desktop/arm/bin/../lib/gcc/arm-none-eabi/4.8.4/../../../../arm-none-eabi/lib/armv7-m\libg_s.a(lib_a-memcpy-stub.o)
                0x0800c260                memcpy
 .text.memset   0x0800c272       0x10 c:/users/chalpathi/desktop/arm/bin/../lib/gcc/arm-none-eabi/4.8.4/../../../../arm-none-eabi/lib/armv7-m\libg_s.a(lib_a-memset.o)
                0x0800c272                memset
 .text.strchr   0x0800c282       0x1a c:/users/chalpathi/desktop/arm/bin/../lib/gcc/arm-none-eabi/4.8.4/../../../../arm-none-eabi/lib/armv7-m\libg_s.a(lib_a-strchr.o)
                0x0800c282                strchr
 .text.strlen   0x0800c29c       0x10 c:/users/chalpathi/desktop/arm/bin/../lib/gcc/arm-none-eabi/4.8.4/../../../../arm-none-eabi/lib/armv7-m\libg_s.a(lib_a-strlen.o)
                0x0800c29c                strlen
 .text.lrintf   0x0800c2ac       0x7c c:/users/chalpathi/desktop/arm/bin/../lib/gcc/arm-none-eabi/4.8.4/../../../../arm-none-eabi/lib/armv7-m\libm.a(lib_a-sf_lrint.o)
                0x0800c2ac                lrintf
 .text.acosf    0x0800c328       0xa0 c:/users/chalpathi/desktop/arm/bin/../lib/gcc/arm-none-eabi/4.8.4/../../../../arm-none-eabi/lib/armv7-m\libm.a(lib_a-wf_acos.o)
                0x0800c328                acosf
 .text.atan2f   0x0800c3c8        0x4 c:/users/chalpathi/desktop/arm/bin/../lib/gcc/arm-none-eabi/4.8.4/../../../../arm-none-eabi/lib/armv7-m\libm.a(lib_a-wf_atan2.o)
                0x0800c3c8                atan2f
 .text.powf     0x0800c3cc      0x310 c:/users/chalpathi/desktop/arm/bin/../lib/gcc/arm-none-eabi/4.8.4/../../../../arm-none-eabi/lib/armv7-m\libm.a(lib_a-wf_pow.o)
                0x0800c3cc                powf
 .text.sqrtf    0x0800c6dc       0x9c c:/users/chalpathi/desktop/arm/bin/../lib/gcc/arm-none-eabi/4.8.4/../../../../arm-none-eabi/lib/armv7-m\libm.a(lib_a-wf_sqrt.o)
                0x0800c6dc                sqrtf
 .text.__ieee754_acosf
                0x0800c778      0x2d0 c:/users/chalpathi/desktop/arm/bin/../lib/gcc/arm-none-eabi/4.8.4/../../../../arm-none-eabi/lib/armv7-m\libm.a(lib_a-ef_acos.o)
                0x0800c778                __ieee754_acosf
 .text.__ieee754_atan2f
                0x0800ca48      0x120 c:/users/chalpathi/desktop/arm/bin/../lib/gcc/arm-none-eabi/4.8.4/../../../../arm-none-eabi/lib/armv7-m\libm.a(lib_a-ef_atan2.o)
                0x0800ca48                __ieee754_atan2f
 .text.__ieee754_powf
                0x0800cb68      0x6f8 c:/users/chalpathi/desktop/arm/bin/../lib/gcc/arm-none-eabi/4.8.4/../../../../arm-none-eabi/lib/armv7-m\libm.a(lib_a-ef_pow.o)
                0x0800cb68                __ieee754_powf
 .text.__ieee754_sqrtf
                0x0800d260       0xa8 c:/users/chalpathi/desktop/arm/bin/../lib/gcc/arm-none-eabi/4.8.4/../../../../arm-none-eabi/lib/armv7-m\libm.a(lib_a-ef_sqrt.o)
                0x0800d260                __ieee754_sqrtf
 .text.matherr  0x0800d308        0x4 c:/users/chalpathi/desktop/arm/bin/../lib/gcc/arm-none-eabi/4.8.4/../../../../arm-none-eabi/lib/armv7-m\libm.a(lib_a-s_matherr.o)
                0x0800d308                matherr
 .text.nan      0x0800d30c        0xc c:/users/chalpathi/desktop/arm/bin/../lib/gcc/arm-none-eabi/4.8.4/../../../../arm-none-eabi/lib/armv7-m\libm.a(lib_a-s_nan.o)
                0x0800d30c                nan
 .text.rint     0x0800d318      0x118 c:/users/chalpathi/desktop/arm/bin/../lib/gcc/arm-none-eabi/4.8.4/../../../../arm-none-eabi/lib/armv7-m\libm.a(lib_a-s_rint.o)
                0x0800d318                rint
 .text.atanf    0x0800d430      0x22c c:/users/chalpathi/desktop/arm/bin/../lib/gcc/arm-none-eabi/4.8.4/../../../../arm-none-eabi/lib/armv7-m\libm.a(lib_a-sf_atan.o)
                0x0800d430                atanf
 .text.fabsf    0x0800d65c        0x8 c:/users/chalpathi/desktop/arm/bin/../lib/gcc/arm-none-eabi/4.8.4/../../../../arm-none-eabi/lib/armv7-m\libm.a(lib_a-sf_fabs.o)
                0x0800d65c                fabsf
 .text.finitef  0x0800d664       0x10 c:/users/chalpathi/desktop/arm/bin/../lib/gcc/arm-none-eabi/4.8.4/../../../../arm-none-eabi/lib/armv7-m\libm.a(lib_a-sf_finite.o)
                0x0800d664                finitef
 .text.__fpclassifyf
                0x0800d674       0x34 c:/users/chalpathi/desktop/arm/bin/../lib/gcc/arm-none-eabi/4.8.4/../../../../arm-none-eabi/lib/armv7-m\libm.a(lib_a-sf_fpclassify.o)
                0x0800d674                __fpclassifyf
 .text.nanf     0x0800d6a8        0x8 c:/users/chalpathi/desktop/arm/bin/../lib/gcc/arm-none-eabi/4.8.4/../../../../arm-none-eabi/lib/armv7-m\libm.a(lib_a-sf_nan.o)
                0x0800d6a8                nanf
 .text.scalbnf  0x0800d6b0       0xb4 c:/users/chalpathi/desktop/arm/bin/../lib/gcc/arm-none-eabi/4.8.4/../../../../arm-none-eabi/lib/armv7-m\libm.a(lib_a-sf_scalbn.o)
                0x0800d6b0                scalbnf
 .text.copysignf
                0x0800d764        0xc c:/users/chalpathi/desktop/arm/bin/../lib/gcc/arm-none-eabi/4.8.4/../../../../arm-none-eabi/lib/armv7-m\libm.a(lib_a-sf_copysign.o)
                0x0800d764                copysignf
 .text.__errno  0x0800d770        0xc c:/users/chalpathi/desktop/arm/bin/../lib/gcc/arm-none-eabi/4.8.4/../../../../arm-none-eabi/lib/armv7-m\libc_s.a(lib_a-errno.o)
                0x0800d770                __errno
 *(.rodata)
 .rodata        0x0800d77c       0xc4 C:\cygwin64\tmp\ccIgZmuI.ltrans1.ltrans.o
 .rodata        0x0800d840      0x180 C:\cygwin64\tmp\ccIgZmuI.ltrans2.ltrans.o
 .rodata        0x0800d9c0       0x3c C:\cygwin64\tmp\ccIgZmuI.ltrans3.ltrans.o
 .rodata        0x0800d9fc       0xf0 C:\cygwin64\tmp\ccIgZmuI.ltrans4.ltrans.o
 .rodata        0x0800daec       0x28 C:\cygwin64\tmp\ccIgZmuI.ltrans9.ltrans.o
 .rodata        0x0800db14       0x1c C:\cygwin64\tmp\ccIgZmuI.ltrans10.ltrans.o
 *(.rodata*)
 .rodata.timerHardware
                0x0800db30       0xe0 C:\cygwin64\tmp\ccIgZmuI.ltrans1.ltrans.o
 .rodata.str1.1
                0x0800dc10       0xff C:\cygwin64\tmp\ccIgZmuI.ltrans2.ltrans.o
 .rodata.str1.1
                0x0800dd0f        0x9 C:\cygwin64\tmp\ccIgZmuI.ltrans7.ltrans.o
 .rodata.rcChannelLetters
                0x0800dd18       0x15 C:\cygwin64\tmp\ccIgZmuI.ltrans7.ltrans.o
 *fill*         0x0800dd2d        0x3 
 .rodata.TWO23  0x0800dd30        0x8 c:/users/chalpathi/desktop/arm/bin/../lib/gcc/arm-none-eabi/4.8.4/../../../../arm-none-eabi/lib/armv7-m\libm.a(lib_a-sf_lrint.o)
 .rodata.str1.4
                0x0800dd38        0x6 c:/users/chalpathi/desktop/arm/bin/../lib/gcc/arm-none-eabi/4.8.4/../../../../arm-none-eabi/lib/armv7-m\libm.a(lib_a-wf_acos.o)
                                  0xc (size before relaxing)
 *fill*         0x0800dd3e        0x2 
 .rodata.str1.4
                0x0800dd40        0x5 c:/users/chalpathi/desktop/arm/bin/../lib/gcc/arm-none-eabi/4.8.4/../../../../arm-none-eabi/lib/armv7-m\libm.a(lib_a-wf_pow.o)
                                  0x8 (size before relaxing)
 *fill*         0x0800dd45        0x3 
 .rodata.str1.4
                0x0800dd48        0x8 c:/users/chalpathi/desktop/arm/bin/../lib/gcc/arm-none-eabi/4.8.4/../../../../arm-none-eabi/lib/armv7-m\libm.a(lib_a-wf_sqrt.o)
 .rodata.dp_h   0x0800dd50        0x8 c:/users/chalpathi/desktop/arm/bin/../lib/gcc/arm-none-eabi/4.8.4/../../../../arm-none-eabi/lib/armv7-m\libm.a(lib_a-ef_pow.o)
 .rodata.dp_l   0x0800dd58        0x8 c:/users/chalpathi/desktop/arm/bin/../lib/gcc/arm-none-eabi/4.8.4/../../../../arm-none-eabi/lib/armv7-m\libm.a(lib_a-ef_pow.o)
 .rodata.bp     0x0800dd60        0x8 c:/users/chalpathi/desktop/arm/bin/../lib/gcc/arm-none-eabi/4.8.4/../../../../arm-none-eabi/lib/armv7-m\libm.a(lib_a-ef_pow.o)
 .rodata.str1.4
                0x00000000        0x4 c:/users/chalpathi/desktop/arm/bin/../lib/gcc/arm-none-eabi/4.8.4/../../../../arm-none-eabi/lib/armv7-m\libm.a(lib_a-ef_pow.o)
 .rodata.TWO52  0x0800dd68       0x10 c:/users/chalpathi/desktop/arm/bin/../lib/gcc/arm-none-eabi/4.8.4/../../../../arm-none-eabi/lib/armv7-m\libm.a(lib_a-s_rint.o)
 .rodata.atanlo
                0x0800dd78       0x10 c:/users/chalpathi/desktop/arm/bin/../lib/gcc/arm-none-eabi/4.8.4/../../../../arm-none-eabi/lib/armv7-m\libm.a(lib_a-sf_atan.o)
 .rodata.atanhi
                0x0800dd88       0x10 c:/users/chalpathi/desktop/arm/bin/../lib/gcc/arm-none-eabi/4.8.4/../../../../arm-none-eabi/lib/armv7-m\libm.a(lib_a-sf_atan.o)
 .rodata.str1.1
                0x0800dd98        0x2 c:/users/chalpathi/desktop/arm/bin/../lib/gcc/arm-none-eabi/4.8.4/../../../../arm-none-eabi/lib/armv7-m\libc_s.a(lib_a-impure.o)
 *(.glue_7)
 .glue_7        0x00000000        0x0 linker stubs
 *(.glue_7t)
 .glue_7t       0x00000000        0x0 linker stubs
 *(.eh_frame)
 *(.init)
 *(.fini)
                0x0800dd9c                . = ALIGN (0x4)
 *fill*         0x0800dd9a        0x2 
                0x0800dd9c                _etext = .

.vfp11_veneer   0x0800dd9c        0x0
 .vfp11_veneer  0x00000000        0x0 linker stubs

.v4_bx          0x0800dd9c        0x0
 .v4_bx         0x00000000        0x0 linker stubs

.iplt           0x0800dd9c        0x0
 .iplt          0x00000000        0x0 obj/main/CJMCU/startup_stm32f10x_md_gcc.o

.ARM.extab
 *(.ARM.extab* .gnu.linkonce.armextab.*)

.ARM            0x0800dd9c        0x8
                0x0800dd9c                __exidx_start = .
 *(.ARM.exidx*)
 .ARM.exidx     0x0800dd9c        0x8 c:/users/chalpathi/desktop/arm/bin/../lib/gcc/arm-none-eabi/4.8.4/armv7-m\libgcc.a(_divdi3.o)
 .ARM.exidx     0x0800dda4        0x0 c:/users/chalpathi/desktop/arm/bin/../lib/gcc/arm-none-eabi/4.8.4/armv7-m\libgcc.a(_udivdi3.o)
                                  0x8 (size before relaxing)
                0x0800dda4                __exidx_end = .

.rel.dyn        0x0800dda4        0x0
 .rel.iplt      0x00000000        0x0 obj/main/CJMCU/startup_stm32f10x_md_gcc.o

.preinit_array  0x0800dda4        0x0
                0x0800dda4                PROVIDE (__preinit_array_start, .)
 *(.preinit_array*)
                0x0800dda4                PROVIDE (__preinit_array_end, .)

.init_array     0x0800dda4        0x0
                0x0800dda4                PROVIDE (__init_array_start, .)
 *(SORT(.init_array.*))
 *(.init_array*)
                0x0800dda4                PROVIDE (__init_array_end, .)

.fini_array     0x0800dda4        0x0
                0x0800dda4                PROVIDE (__fini_array_start, .)
 *(.fini_array*)
 *(SORT(.fini_array.*))
                0x0800dda4                PROVIDE (__fini_array_end, .)
                0x0800dda4                _sidata = .

.data           0x20000000       0xac load address 0x0800dda4
                0x20000000                . = ALIGN (0x4)
                0x20000000                _sdata = .
 *(.data)
 .data          0x20000000       0x1c C:\cygwin64\tmp\ccIgZmuI.ltrans0.ltrans.o
                0x20000000                rxIsInFailsafeMode.10023
                0x20000001                rxIsInFailsafeModeNotDataDriven.10022
                0x2000000a                acc_1G
                0x20000018                isUsingSticksToArm.9004
 .data          0x2000001c        0xc C:\cygwin64\tmp\ccIgZmuI.ltrans1.ltrans.o
                0x2000001c                hse_value
                0x20000020                standardBoardAlignment.11034
                0x20000024                rcReadRawFunc.10007
 .data          0x20000028        0xc C:\cygwin64\tmp\ccIgZmuI.ltrans9.ltrans.o
 *(.data*)
 .data.pid_controller
                0x20000034        0x4 C:\cygwin64\tmp\ccIgZmuI.ltrans0.ltrans.o
                0x20000034                pid_controller
 .data.detectedSensors
                0x20000038        0x4 C:\cygwin64\tmp\ccIgZmuI.ltrans1.ltrans.o
 .data.batteryCellCount
                0x2000003c        0x1 C:\cygwin64\tmp\ccIgZmuI.ltrans1.ltrans.o
                0x2000003c                batteryCellCount
 *fill*         0x2000003d        0x3 
 .data.SystemCoreClock
                0x20000040        0x4 C:\cygwin64\tmp\ccIgZmuI.ltrans1.ltrans.o
                0x20000040                SystemCoreClock
 .data.__fdlib_version
                0x20000044        0x1 c:/users/chalpathi/desktop/arm/bin/../lib/gcc/arm-none-eabi/4.8.4/../../../../arm-none-eabi/lib/armv7-m\libm.a(lib_a-s_lib_ver.o)
                0x20000044                __fdlib_version
 *fill*         0x20000045        0x3 
 .data.impure_data
                0x20000048       0x60 c:/users/chalpathi/desktop/arm/bin/../lib/gcc/arm-none-eabi/4.8.4/../../../../arm-none-eabi/lib/armv7-m\libc_s.a(lib_a-impure.o)
 .data._impure_ptr
                0x200000a8        0x4 c:/users/chalpathi/desktop/arm/bin/../lib/gcc/arm-none-eabi/4.8.4/../../../../arm-none-eabi/lib/armv7-m\libc_s.a(lib_a-impure.o)
                0x200000a8                _impure_ptr
                0x200000ac                . = ALIGN (0x4)
                0x200000ac                _edata = .

.igot.plt       0x200000ac        0x0 load address 0x0800de50
 .igot.plt      0x00000000        0x0 obj/main/CJMCU/startup_stm32f10x_md_gcc.o
                0x200000ac                . = ALIGN (0x4)

.bss            0x200000b0     0x1838 load address 0x0800de50
                0x200000b0                _sbss = .
                0x200000b0                __bss_start__ = _sbss
 *(.bss)
 .bss           0x200000b0      0xae8 C:\cygwin64\tmp\ccIgZmuI.ltrans0.ltrans.o
                0x200000b0                rxSignalReceived.10011
                0x200000b8                rxSignalReceivedNotDataDriven.10013
                0x200000bc                activeFeaturesLatch.6452
                0x200000c4                rxConfig.10009
                0x200000c8                rcFrameComplete.10619
                0x200000c9                spek_chan_shift.10622
                0x200000cc                rxRuntimeConfigPtr.10623
                0x200000d0                spek_chan_mask.10624
                0x200000d1                spekFrame.10618
                0x200000e4                spekChannelData.10621
                0x20000114                sbusFrameDone.10265
                0x20000118                sbusChannelData.10236
                0x20000160                sbusFrame.10239
                0x20000179                sumdFrameDone.10372
                0x2000017a                sumdChannelCount.10373
                0x2000017c                crc.10368
                0x2000017e                sumd.10374
                0x200001a4                sumdChannels.10369
                0x200001c4                sumhFrameDone.10481
                0x200001c5                sumhFrame.10480
                0x200001dc                sumhChannels.10476
                0x200001fc                xBusFrameReceived.10754
                0x200001fd                rxMspFrameDone.10138
                0x200001fe                ppmFrameCount.5118
                0x20000200                captures.5117
                0x20000218                inclination
                0x2000021c                accSmooth
                0x20000222                flightModeFlags
                0x20000224                rxUpdateAt.10035
                0x2000022a                rcData
                0x20000250                rcModeActivationMask
                0x20000254                vario
                0x20000264                enabledSensors.6491
                0x2000026c                EstAlt.7784
                0x20000280                rcCommand
                0x20000290                mag
                0x20000298                magADC
                0x2000029e                stateFlags
                0x200002a4                masterConfig
                0x200007c4                magInit.11068
                0x200007d0                baro
                0x200007f8                barometerConfig.5995
                0x200008fc                accVelScale
                0x20000904                barometerConfig.7792
                0x20000910                pidProfile.7791
                0x2000091c                currentProfile
                0x20000920                gyro
                0x20000930                gyroADC
                0x20000936                gyroAlign
                0x20000938                gyroConfig.11163
                0x2000098c                acc
                0x2000099e                calibratingA
                0x200009a0                accelerationTrims.10835
                0x200009b0                InflightcalibratingA
                0x200009c8                AccInflightCalibrationActive
                0x200009c9                AccInflightCalibrationMeasurementDone
                0x200009ca                AccInflightCalibrationSavetoEEProm
                0x200009d0                gyroScaleRad
                0x200009d4                imuRuntimeConfig.8242
                0x200009f0                smallAngle
                0x200009f4                anglerad
                0x20000a08                heading
                0x20000a14                fc_acc
                0x20000a18                accDeadband.8244
                0x20000a1c                cycleTime
                0x20000a20                previousTime
                0x20000a30                rxRefreshRate.10031
                0x20000a4c                magHold
                0x20000a50                rcControlsConfig.7778
                0x20000a58                escAndServoConfig.7786
                0x20000a5c                throttleAngleScale
                0x20000a60                currentControlRateProfile
                0x20000a64                motorCount
                0x20000a68                mixerConfig.8394
                0x20000a6c                axisPID
                0x20000a74                currentMixer.8400
                0x20000b34                motor
                0x20000b4c                failsafeState.7906
                0x20000b70                escAndServoConfig.8393
                0x20000b74                rxConfig.8396
                0x20000b78                flight3DConfig.8392
                0x20000b7c                motorControlEnable
                0x20000b7e                motor_disarmed
 .bss           0x20000b98      0x338 C:\cygwin64\tmp\ccIgZmuI.ltrans1.ltrans.o
                0x20000ba4                usTicks.8645
                0x20000ba8                extiHandlerConfigs.8644
                0x20000bc4                serialConfig.9238
                0x20000bc8                serialPortCount.9239
                0x20000bcc                serialPortUsageList.9236
                0x20000bec                inputFilteringMode.5121
                0x20000bf0                ppmDev
                0x20000d18                motors.4915
                0x20000d48                adcConfig
                0x20000d58                adcValues
                0x20000d60                boardRotation.11032
                0x20000d84                mpuDetectionResult
                0x20000d88                mpuConfiguration
                0x20000d94                mpuIntExtiConfig.4253
                0x20000d98                ms5611_c.5936
                0x20000da8                hmc5883Config.4546
                0x20000dac                magneticDeclination
                0x20000db0                activeBoxIds.9687
                0x20000dcb                activeBoxIdCount.9691
                0x20000dcc                mspPorts.9686
                0x20000e64                rxConfig.7925
                0x20000e68                deadband3dThrottle.7929
                0x20000e6a                rcSampleIndex.10014
                0x20000e6c                rcInvalidPulsPeriod
                0x20000eb4                rxRuntimeConfig
                0x20000ebc                xBusDataIncoming.10755
                0x20000ebd                xBusFramePosition.10756
                0x20000ebe                xBusFrameLength.10757
                0x20000ebf                xBusChannelCount.10753
                0x20000ec0                xBusProvider.10758
                0x20000ec4                batteryConfig
                0x20000ec8                batteryState.10968
                0x20000eca                batteryWarningVoltage
                0x20000ecc                batteryCriticalVoltage
 .bss           0x20000ed0       0xc0 C:\cygwin64\tmp\ccIgZmuI.ltrans2.ltrans.o
                0x20000ed0                lookupPitchRollRC
                0x20000ede                lookupYawRC
                0x20000eec                dynP8
                0x20000ef2                dynD8
                0x20000ef5                PIDweight
                0x20000ef8                lookupThrottleRC
                0x20000f10                headFreeModeHold
                0x20000f18                vbat
                0x20000f1a                vbatLatestADC
                0x20000f3c                currentBeeperEntry.8763
                0x20000f40                beeperNextToggleTime.8759
                0x20000f44                beeperIsOn.8758
                0x20000f46                beeperPos.8760
                0x20000f48                warningLedState.9832
                0x20000f50                currentPort.9688
                0x20000f54                mspSerialPort.9690
                0x20000f58                barometerConfig_tmp
                0x20000f5c                i2cErrorCount.4461
                0x20000f5e                rssi
                0x20000f60                mspFrame.10137
                0x20000f84                escAndServoConfig.9013
                0x20000f88                pidProfile.9014
 .bss           0x20000f90      0x104 C:\cygwin64\tmp\ccIgZmuI.ltrans3.ltrans.o
                0x20000f90                skipRxSamples.10033
                0x20000f94                suspendRxSignalUntil.10032
                0x2000103c                failsafeConfig.7905
                0x20001040                errorGyroI.8075
                0x2000104c                errorGyroIf.8093
                0x20001058                disarmAt.7609
                0x20001060                adjustmentStates
                0x20001091                currentControlRateProfileIndex.6449
 .bss           0x20001094       0x88 C:\cygwin64\tmp\ccIgZmuI.ltrans4.ltrans.o
 *fill*         0x2000111c        0x4 
 .bss           0x20001120      0x158 C:\cygwin64\tmp\ccIgZmuI.ltrans5.ltrans.o
 .bss           0x20001278       0x40 C:\cygwin64\tmp\ccIgZmuI.ltrans6.ltrans.o
                0x20001278                errorAngleIf.8092
                0x20001290                errorAngleI.8073
 .bss           0x200012b8       0x7c C:\cygwin64\tmp\ccIgZmuI.ltrans7.ltrans.o
                0x200012bc                PTermState.8077
                0x200012ec                DTermState.8081
 .bss           0x20001334       0x28 C:\cygwin64\tmp\ccIgZmuI.ltrans8.ltrans.o
 .bss           0x2000135c       0x20 C:\cygwin64\tmp\ccIgZmuI.ltrans9.ltrans.o
                0x2000135c                I2Cx.4435
                0x20001361                addr.4443
                0x20001362                reg.4441
                0x20001363                writing.4446
                0x20001364                reading.4439
                0x20001368                write_p.4447
                0x2000136c                read_p.4445
                0x20001370                bytes.4442
                0x20001371                busy.4448
                0x20001374                ms5611_ut.5937
                0x20001378                ms5611_up.5938
 .bss           0x2000137c      0x401 C:\cygwin64\tmp\ccIgZmuI.ltrans10.ltrans.o
                0x2000177c                spekHiRes.10620
 *fill*         0x2000177d        0x3 
 .bss           0x20001780      0x148 C:\cygwin64\tmp\ccIgZmuI.ltrans11.ltrans.o
                0x20001780                timerConfig
                0x20001820                uartPort2.5409
                0x20001874                uartPort1.5408
 .bss           0x200018c8        0x8 C:\cygwin64\tmp\ccIgZmuI.ltrans12.ltrans.o
                0x200018c8                sysTickUptime.8646
                0x200018cc                systemState.7131
 *(SORT(.bss*))
 .bss.currentTime
                0x200018d0        0x4 C:\cygwin64\tmp\ccIgZmuI.ltrans0.ltrans.o
                0x200018d0                currentTime
 .bss.accTimeSum
                0x200018d4        0x4 C:\cygwin64\tmp\ccIgZmuI.ltrans0.ltrans.o
 .bss.setVelocity
                0x200018d8        0x4 C:\cygwin64\tmp\ccIgZmuI.ltrans0.ltrans.o
 .bss.calibratingB
                0x200018dc        0x2 C:\cygwin64\tmp\ccIgZmuI.ltrans0.ltrans.o
                0x200018dc                calibratingB
 .bss.calibratingG
                0x200018de        0x2 C:\cygwin64\tmp\ccIgZmuI.ltrans0.ltrans.o
                0x200018de                calibratingG
 .bss.accAlign  0x200018e0        0x1 C:\cygwin64\tmp\ccIgZmuI.ltrans0.ltrans.o
                0x200018e0                accAlign
 .bss.magAlign  0x200018e1        0x1 C:\cygwin64\tmp\ccIgZmuI.ltrans0.ltrans.o
                0x200018e1                magAlign
 .bss.armingFlags
                0x200018e2        0x1 C:\cygwin64\tmp\ccIgZmuI.ltrans0.ltrans.o
                0x200018e2                armingFlags
 .bss.hardwareRevision
                0x200018e3        0x1 C:\cygwin64\tmp\ccIgZmuI.ltrans1.ltrans.o
 .bss.cliMode   0x200018e4        0x1 C:\cygwin64\tmp\ccIgZmuI.ltrans3.ltrans.o
 *(COMMON)
                0x200018e8                . = ALIGN (0x4)
 *fill*         0x200018e5        0x3 
                0x200018e8                _ebss = .
                0x200018e8                __bss_end__ = _ebss

._user_heap_stack
                0x200018e8      0x400 load address 0x0800de50
                0x200018e8                . = ALIGN (0x4)
                0x200018e8                PROVIDE (end, .)
                0x200018e8                PROVIDE (_end, .)
                0x200018e8                . = (. + _Min_Heap_Size)
                0x20001ce8                . = (. + _Min_Stack_Size)
 *fill*         0x200018e8      0x400 
                0x20001ce8                . = ALIGN (0x4)

.memory_b1_text
 *(.mb1text)
 *(.mb1text*)
 *(.mb1rodata)
 *(.mb1rodata*)

/DISCARD/
 libc.a(*)
 libm.a(*)
 libgcc.a(*)

.ARM.attributes
                0x00000000       0x2f
 *(.ARM.attributes)
 .ARM.attributes
                0x00000000       0x21 obj/main/CJMCU/startup_stm32f10x_md_gcc.o
 .ARM.attributes
                0x00000021       0x31 C:\cygwin64\tmp\ccIgZmuI.ltrans0.ltrans.o
 .ARM.attributes
                0x00000052       0x31 C:\cygwin64\tmp\ccIgZmuI.ltrans1.ltrans.o
 .ARM.attributes
                0x00000083       0x31 C:\cygwin64\tmp\ccIgZmuI.ltrans2.ltrans.o
 .ARM.attributes
                0x000000b4       0x31 C:\cygwin64\tmp\ccIgZmuI.ltrans3.ltrans.o
 .ARM.attributes
                0x000000e5       0x31 C:\cygwin64\tmp\ccIgZmuI.ltrans4.ltrans.o
 .ARM.attributes
                0x00000116       0x31 C:\cygwin64\tmp\ccIgZmuI.ltrans5.ltrans.o
 .ARM.attributes
                0x00000147       0x31 C:\cygwin64\tmp\ccIgZmuI.ltrans6.ltrans.o
 .ARM.attributes
                0x00000178       0x31 C:\cygwin64\tmp\ccIgZmuI.ltrans7.ltrans.o
 .ARM.attributes
                0x000001a9       0x31 C:\cygwin64\tmp\ccIgZmuI.ltrans8.ltrans.o
 .ARM.attributes
                0x000001da       0x31 C:\cygwin64\tmp\ccIgZmuI.ltrans9.ltrans.o
 .ARM.attributes
                0x0000020b       0x31 C:\cygwin64\tmp\ccIgZmuI.ltrans10.ltrans.o
 .ARM.attributes
                0x0000023c       0x31 C:\cygwin64\tmp\ccIgZmuI.ltrans11.ltrans.o
 .ARM.attributes
                0x0000026d       0x31 C:\cygwin64\tmp\ccIgZmuI.ltrans12.ltrans.o
 .ARM.attributes
                0x0000029e       0x1d c:/users/chalpathi/desktop/arm/bin/../lib/gcc/arm-none-eabi/4.8.4/armv7-m\libgcc.a(_ashrdi3.o)
 .ARM.attributes
                0x000002bb       0x1d c:/users/chalpathi/desktop/arm/bin/../lib/gcc/arm-none-eabi/4.8.4/armv7-m\libgcc.a(_arm_addsubsf3.o)
 .ARM.attributes
                0x000002d8       0x1d c:/users/chalpathi/desktop/arm/bin/../lib/gcc/arm-none-eabi/4.8.4/armv7-m\libgcc.a(_arm_muldivsf3.o)
 .ARM.attributes
                0x000002f5       0x1d c:/users/chalpathi/desktop/arm/bin/../lib/gcc/arm-none-eabi/4.8.4/armv7-m\libgcc.a(_arm_cmpsf2.o)
 .ARM.attributes
                0x00000312       0x1d c:/users/chalpathi/desktop/arm/bin/../lib/gcc/arm-none-eabi/4.8.4/armv7-m\libgcc.a(_arm_fixsfsi.o)
 .ARM.attributes
                0x0000032f       0x1d c:/users/chalpathi/desktop/arm/bin/../lib/gcc/arm-none-eabi/4.8.4/armv7-m\libgcc.a(_arm_fixunssfsi.o)
 .ARM.attributes
                0x0000034c       0x1d c:/users/chalpathi/desktop/arm/bin/../lib/gcc/arm-none-eabi/4.8.4/armv7-m\libgcc.a(_aeabi_ldivmod.o)
 .ARM.attributes
                0x00000369       0x2d c:/users/chalpathi/desktop/arm/bin/../lib/gcc/arm-none-eabi/4.8.4/armv7-m\libgcc.a(_fixsfdi.o)
 .ARM.attributes
                0x00000396       0x2d c:/users/chalpathi/desktop/arm/bin/../lib/gcc/arm-none-eabi/4.8.4/armv7-m\libgcc.a(_fixunssfdi.o)
 .ARM.attributes
                0x000003c3       0x2d c:/users/chalpathi/desktop/arm/bin/../lib/gcc/arm-none-eabi/4.8.4/armv7-m\libgcc.a(bpabi.o)
 .ARM.attributes
                0x000003f0       0x1d c:/users/chalpathi/desktop/arm/bin/../lib/gcc/arm-none-eabi/4.8.4/armv7-m\libgcc.a(_dvmd_tls.o)
 .ARM.attributes
                0x0000040d       0x1d c:/users/chalpathi/desktop/arm/bin/../lib/gcc/arm-none-eabi/4.8.4/armv7-m\libgcc.a(_arm_addsubdf3.o)
 .ARM.attributes
                0x0000042a       0x1d c:/users/chalpathi/desktop/arm/bin/../lib/gcc/arm-none-eabi/4.8.4/armv7-m\libgcc.a(_arm_muldivdf3.o)
 .ARM.attributes
                0x00000447       0x1d c:/users/chalpathi/desktop/arm/bin/../lib/gcc/arm-none-eabi/4.8.4/armv7-m\libgcc.a(_arm_fixunsdfsi.o)
 .ARM.attributes
                0x00000464       0x2d c:/users/chalpathi/desktop/arm/bin/../lib/gcc/arm-none-eabi/4.8.4/armv7-m\libgcc.a(_divdi3.o)
 .ARM.attributes
                0x00000491       0x2d c:/users/chalpathi/desktop/arm/bin/../lib/gcc/arm-none-eabi/4.8.4/armv7-m\libgcc.a(_udivdi3.o)
 .ARM.attributes
                0x000004be       0x2d c:/users/chalpathi/desktop/arm/bin/../lib/gcc/arm-none-eabi/4.8.4/../../../../arm-none-eabi/lib/armv7-m\libg_s.a(lib_a-memcpy-stub.o)
 .ARM.attributes
                0x000004eb       0x2d c:/users/chalpathi/desktop/arm/bin/../lib/gcc/arm-none-eabi/4.8.4/../../../../arm-none-eabi/lib/armv7-m\libg_s.a(lib_a-memset.o)
 .ARM.attributes
                0x00000518       0x2d c:/users/chalpathi/desktop/arm/bin/../lib/gcc/arm-none-eabi/4.8.4/../../../../arm-none-eabi/lib/armv7-m\libg_s.a(lib_a-strchr.o)
 .ARM.attributes
                0x00000545       0x2d c:/users/chalpathi/desktop/arm/bin/../lib/gcc/arm-none-eabi/4.8.4/../../../../arm-none-eabi/lib/armv7-m\libg_s.a(lib_a-strlen.o)
 .ARM.attributes
                0x00000572       0x2d c:/users/chalpathi/desktop/arm/bin/../lib/gcc/arm-none-eabi/4.8.4/../../../../arm-none-eabi/lib/armv7-m\libm.a(lib_a-sf_lrint.o)
 .ARM.attributes
                0x0000059f       0x2d c:/users/chalpathi/desktop/arm/bin/../lib/gcc/arm-none-eabi/4.8.4/../../../../arm-none-eabi/lib/armv7-m\libm.a(lib_a-wf_acos.o)
 .ARM.attributes
                0x000005cc       0x2d c:/users/chalpathi/desktop/arm/bin/../lib/gcc/arm-none-eabi/4.8.4/../../../../arm-none-eabi/lib/armv7-m\libm.a(lib_a-wf_atan2.o)
 .ARM.attributes
                0x000005f9       0x2d c:/users/chalpathi/desktop/arm/bin/../lib/gcc/arm-none-eabi/4.8.4/../../../../arm-none-eabi/lib/armv7-m\libm.a(lib_a-wf_pow.o)
 .ARM.attributes
                0x00000626       0x2d c:/users/chalpathi/desktop/arm/bin/../lib/gcc/arm-none-eabi/4.8.4/../../../../arm-none-eabi/lib/armv7-m\libm.a(lib_a-wf_sqrt.o)
 .ARM.attributes
                0x00000653       0x2d c:/users/chalpathi/desktop/arm/bin/../lib/gcc/arm-none-eabi/4.8.4/../../../../arm-none-eabi/lib/armv7-m\libm.a(lib_a-ef_acos.o)
 .ARM.attributes
                0x00000680       0x2d c:/users/chalpathi/desktop/arm/bin/../lib/gcc/arm-none-eabi/4.8.4/../../../../arm-none-eabi/lib/armv7-m\libm.a(lib_a-ef_atan2.o)
 .ARM.attributes
                0x000006ad       0x2d c:/users/chalpathi/desktop/arm/bin/../lib/gcc/arm-none-eabi/4.8.4/../../../../arm-none-eabi/lib/armv7-m\libm.a(lib_a-ef_pow.o)
 .ARM.attributes
                0x000006da       0x2d c:/users/chalpathi/desktop/arm/bin/../lib/gcc/arm-none-eabi/4.8.4/../../../../arm-none-eabi/lib/armv7-m\libm.a(lib_a-ef_sqrt.o)
 .ARM.attributes
                0x00000707       0x2d c:/users/chalpathi/desktop/arm/bin/../lib/gcc/arm-none-eabi/4.8.4/../../../../arm-none-eabi/lib/armv7-m\libm.a(lib_a-s_lib_ver.o)
 .ARM.attributes
                0x00000734       0x2d c:/users/chalpathi/desktop/arm/bin/../lib/gcc/arm-none-eabi/4.8.4/../../../../arm-none-eabi/lib/armv7-m\libm.a(lib_a-s_matherr.o)
 .ARM.attributes
                0x00000761       0x2d c:/users/chalpathi/desktop/arm/bin/../lib/gcc/arm-none-eabi/4.8.4/../../../../arm-none-eabi/lib/armv7-m\libm.a(lib_a-s_nan.o)
 .ARM.attributes
                0x0000078e       0x2d c:/users/chalpathi/desktop/arm/bin/../lib/gcc/arm-none-eabi/4.8.4/../../../../arm-none-eabi/lib/armv7-m\libm.a(lib_a-s_rint.o)
 .ARM.attributes
                0x000007bb       0x2d c:/users/chalpathi/desktop/arm/bin/../lib/gcc/arm-none-eabi/4.8.4/../../../../arm-none-eabi/lib/armv7-m\libm.a(lib_a-sf_atan.o)
 .ARM.attributes
                0x000007e8       0x2d c:/users/chalpathi/desktop/arm/bin/../lib/gcc/arm-none-eabi/4.8.4/../../../../arm-none-eabi/lib/armv7-m\libm.a(lib_a-sf_fabs.o)
 .ARM.attributes
                0x00000815       0x2d c:/users/chalpathi/desktop/arm/bin/../lib/gcc/arm-none-eabi/4.8.4/../../../../arm-none-eabi/lib/armv7-m\libm.a(lib_a-sf_finite.o)
 .ARM.attributes
                0x00000842       0x2d c:/users/chalpathi/desktop/arm/bin/../lib/gcc/arm-none-eabi/4.8.4/../../../../arm-none-eabi/lib/armv7-m\libm.a(lib_a-sf_fpclassify.o)
 .ARM.attributes
                0x0000086f       0x2d c:/users/chalpathi/desktop/arm/bin/../lib/gcc/arm-none-eabi/4.8.4/../../../../arm-none-eabi/lib/armv7-m\libm.a(lib_a-sf_nan.o)
 .ARM.attributes
                0x0000089c       0x2d c:/users/chalpathi/desktop/arm/bin/../lib/gcc/arm-none-eabi/4.8.4/../../../../arm-none-eabi/lib/armv7-m\libm.a(lib_a-sf_scalbn.o)
 .ARM.attributes
                0x000008c9       0x2d c:/users/chalpathi/desktop/arm/bin/../lib/gcc/arm-none-eabi/4.8.4/../../../../arm-none-eabi/lib/armv7-m\libm.a(lib_a-sf_copysign.o)
 .ARM.attributes
                0x000008f6       0x2d c:/users/chalpathi/desktop/arm/bin/../lib/gcc/arm-none-eabi/4.8.4/../../../../arm-none-eabi/lib/armv7-m\libc_s.a(lib_a-errno.o)
 .ARM.attributes
                0x00000923       0x2d c:/users/chalpathi/desktop/arm/bin/../lib/gcc/arm-none-eabi/4.8.4/../../../../arm-none-eabi/lib/armv7-m\libc_s.a(lib_a-impure.o)
 .ARM.attributes
                0x00000950       0x1d c:/users/chalpathi/desktop/arm/bin/../lib/gcc/arm-none-eabi/4.8.4/armv7-m\libgcc.a(_arm_cmpdf2.o)
 .ARM.attributes
                0x0000096d       0x1d c:/users/chalpathi/desktop/arm/bin/../lib/gcc/arm-none-eabi/4.8.4/armv7-m\libgcc.a(_arm_truncdfsf2.o)
OUTPUT(obj/main/cleanflight_CJMCU.elf elf32-littlearm)

.debug_info     0x00000000    0x1f7c3
 .debug_info    0x00000000     0x49c9 C:\cygwin64\tmp\ccIgZmuI.ltrans0.ltrans.o
 .debug_info    0x000049c9     0x5939 C:\cygwin64\tmp\ccIgZmuI.ltrans1.ltrans.o
 .debug_info    0x0000a302     0x3056 C:\cygwin64\tmp\ccIgZmuI.ltrans2.ltrans.o
 .debug_info    0x0000d358     0x221d C:\cygwin64\tmp\ccIgZmuI.ltrans3.ltrans.o
 .debug_info    0x0000f575     0x353c C:\cygwin64\tmp\ccIgZmuI.ltrans4.ltrans.o
 .debug_info    0x00012ab1     0x20a8 C:\cygwin64\tmp\ccIgZmuI.ltrans5.ltrans.o
 .debug_info    0x00014b59     0x2f8c C:\cygwin64\tmp\ccIgZmuI.ltrans6.ltrans.o
 .debug_info    0x00017ae5     0x2779 C:\cygwin64\tmp\ccIgZmuI.ltrans7.ltrans.o
 .debug_info    0x0001a25e     0x1b6a C:\cygwin64\tmp\ccIgZmuI.ltrans8.ltrans.o
 .debug_info    0x0001bdc8     0x1641 C:\cygwin64\tmp\ccIgZmuI.ltrans9.ltrans.o
 .debug_info    0x0001d409     0x15f0 C:\cygwin64\tmp\ccIgZmuI.ltrans10.ltrans.o
 .debug_info    0x0001e9f9      0xb2b C:\cygwin64\tmp\ccIgZmuI.ltrans11.ltrans.o
 .debug_info    0x0001f524      0x29f C:\cygwin64\tmp\ccIgZmuI.ltrans12.ltrans.o

.debug_abbrev   0x00000000     0x39dd
 .debug_abbrev  0x00000000      0x574 C:\cygwin64\tmp\ccIgZmuI.ltrans0.ltrans.o
 .debug_abbrev  0x00000574      0x581 C:\cygwin64\tmp\ccIgZmuI.ltrans1.ltrans.o
 .debug_abbrev  0x00000af5      0x4ee C:\cygwin64\tmp\ccIgZmuI.ltrans2.ltrans.o
 .debug_abbrev  0x00000fe3      0x3f8 C:\cygwin64\tmp\ccIgZmuI.ltrans3.ltrans.o
 .debug_abbrev  0x000013db      0x668 C:\cygwin64\tmp\ccIgZmuI.ltrans4.ltrans.o
 .debug_abbrev  0x00001a43      0x475 C:\cygwin64\tmp\ccIgZmuI.ltrans5.ltrans.o
 .debug_abbrev  0x00001eb8      0x5e3 C:\cygwin64\tmp\ccIgZmuI.ltrans6.ltrans.o
 .debug_abbrev  0x0000249b      0x590 C:\cygwin64\tmp\ccIgZmuI.ltrans7.ltrans.o
 .debug_abbrev  0x00002a2b      0x4a6 C:\cygwin64\tmp\ccIgZmuI.ltrans8.ltrans.o
 .debug_abbrev  0x00002ed1      0x483 C:\cygwin64\tmp\ccIgZmuI.ltrans9.ltrans.o
 .debug_abbrev  0x00003354      0x347 C:\cygwin64\tmp\ccIgZmuI.ltrans10.ltrans.o
 .debug_abbrev  0x0000369b      0x22a C:\cygwin64\tmp\ccIgZmuI.ltrans11.ltrans.o
 .debug_abbrev  0x000038c5      0x118 C:\cygwin64\tmp\ccIgZmuI.ltrans12.ltrans.o

.debug_loc      0x00000000     0xd224
 .debug_loc     0x00000000     0x1b88 C:\cygwin64\tmp\ccIgZmuI.ltrans0.ltrans.o
 .debug_loc     0x00001b88     0x212d C:\cygwin64\tmp\ccIgZmuI.ltrans1.ltrans.o
 .debug_loc     0x00003cb5     0x13e0 C:\cygwin64\tmp\ccIgZmuI.ltrans2.ltrans.o
 .debug_loc     0x00005095      0xfed C:\cygwin64\tmp\ccIgZmuI.ltrans3.ltrans.o
 .debug_loc     0x00006082     0x1d3e C:\cygwin64\tmp\ccIgZmuI.ltrans4.ltrans.o
 .debug_loc     0x00007dc0      0xd35 C:\cygwin64\tmp\ccIgZmuI.ltrans5.ltrans.o
 .debug_loc     0x00008af5     0x1622 C:\cygwin64\tmp\ccIgZmuI.ltrans6.ltrans.o
 .debug_loc     0x0000a117      0xde9 C:\cygwin64\tmp\ccIgZmuI.ltrans7.ltrans.o
 .debug_loc     0x0000af00      0xdb7 C:\cygwin64\tmp\ccIgZmuI.ltrans8.ltrans.o
 .debug_loc     0x0000bcb7      0xd15 C:\cygwin64\tmp\ccIgZmuI.ltrans9.ltrans.o
 .debug_loc     0x0000c9cc      0x845 C:\cygwin64\tmp\ccIgZmuI.ltrans10.ltrans.o
 .debug_loc     0x0000d211       0x13 C:\cygwin64\tmp\ccIgZmuI.ltrans11.ltrans.o

.debug_aranges  0x00000000      0x1a8
 .debug_aranges
                0x00000000       0x20 C:\cygwin64\tmp\ccIgZmuI.ltrans0.ltrans.o
 .debug_aranges
                0x00000020       0x20 C:\cygwin64\tmp\ccIgZmuI.ltrans1.ltrans.o
 .debug_aranges
                0x00000040       0x20 C:\cygwin64\tmp\ccIgZmuI.ltrans2.ltrans.o
 .debug_aranges
                0x00000060       0x20 C:\cygwin64\tmp\ccIgZmuI.ltrans3.ltrans.o
 .debug_aranges
                0x00000080       0x28 C:\cygwin64\tmp\ccIgZmuI.ltrans4.ltrans.o
 .debug_aranges
                0x000000a8       0x20 C:\cygwin64\tmp\ccIgZmuI.ltrans5.ltrans.o
 .debug_aranges
                0x000000c8       0x20 C:\cygwin64\tmp\ccIgZmuI.ltrans6.ltrans.o
 .debug_aranges
                0x000000e8       0x20 C:\cygwin64\tmp\ccIgZmuI.ltrans7.ltrans.o
 .debug_aranges
                0x00000108       0x20 C:\cygwin64\tmp\ccIgZmuI.ltrans8.ltrans.o
 .debug_aranges
                0x00000128       0x20 C:\cygwin64\tmp\ccIgZmuI.ltrans9.ltrans.o
 .debug_aranges
                0x00000148       0x20 C:\cygwin64\tmp\ccIgZmuI.ltrans10.ltrans.o
 .debug_aranges
                0x00000168       0x20 C:\cygwin64\tmp\ccIgZmuI.ltrans11.ltrans.o
 .debug_aranges
                0x00000188       0x20 C:\cygwin64\tmp\ccIgZmuI.ltrans12.ltrans.o

.debug_ranges   0x00000000     0x26a8
 .debug_ranges  0x00000000      0x4b8 C:\cygwin64\tmp\ccIgZmuI.ltrans0.ltrans.o
 .debug_ranges  0x000004b8      0xa30 C:\cygwin64\tmp\ccIgZmuI.ltrans1.ltrans.o
 .debug_ranges  0x00000ee8      0x7a0 C:\cygwin64\tmp\ccIgZmuI.ltrans2.ltrans.o
 .debug_ranges  0x00001688      0x638 C:\cygwin64\tmp\ccIgZmuI.ltrans3.ltrans.o
 .debug_ranges  0x00001cc0       0x90 C:\cygwin64\tmp\ccIgZmuI.ltrans4.ltrans.o
 .debug_ranges  0x00001d50       0xa0 C:\cygwin64\tmp\ccIgZmuI.ltrans5.ltrans.o
 .debug_ranges  0x00001df0      0x1f0 C:\cygwin64\tmp\ccIgZmuI.ltrans6.ltrans.o
 .debug_ranges  0x00001fe0      0x3a8 C:\cygwin64\tmp\ccIgZmuI.ltrans7.ltrans.o
 .debug_ranges  0x00002388       0xa0 C:\cygwin64\tmp\ccIgZmuI.ltrans8.ltrans.o
 .debug_ranges  0x00002428      0x198 C:\cygwin64\tmp\ccIgZmuI.ltrans9.ltrans.o
 .debug_ranges  0x000025c0       0xe8 C:\cygwin64\tmp\ccIgZmuI.ltrans10.ltrans.o

.debug_line     0x00000000     0x65b4
 .debug_line    0x00000000      0xb73 C:\cygwin64\tmp\ccIgZmuI.ltrans0.ltrans.o
 .debug_line    0x00000b73     0x10d0 C:\cygwin64\tmp\ccIgZmuI.ltrans1.ltrans.o
 .debug_line    0x00001c43      0xb10 C:\cygwin64\tmp\ccIgZmuI.ltrans2.ltrans.o
 .debug_line    0x00002753      0x851 C:\cygwin64\tmp\ccIgZmuI.ltrans3.ltrans.o
 .debug_line    0x00002fa4      0x9e7 C:\cygwin64\tmp\ccIgZmuI.ltrans4.ltrans.o
 .debug_line    0x0000398b      0x6fd C:\cygwin64\tmp\ccIgZmuI.ltrans5.ltrans.o
 .debug_line    0x00004088      0x8b6 C:\cygwin64\tmp\ccIgZmuI.ltrans6.ltrans.o
 .debug_line    0x0000493e      0x93b C:\cygwin64\tmp\ccIgZmuI.ltrans7.ltrans.o
 .debug_line    0x00005279      0x671 C:\cygwin64\tmp\ccIgZmuI.ltrans8.ltrans.o
 .debug_line    0x000058ea      0x51d C:\cygwin64\tmp\ccIgZmuI.ltrans9.ltrans.o
 .debug_line    0x00005e07      0x423 C:\cygwin64\tmp\ccIgZmuI.ltrans10.ltrans.o
 .debug_line    0x0000622a      0x20a C:\cygwin64\tmp\ccIgZmuI.ltrans11.ltrans.o
 .debug_line    0x00006434      0x180 C:\cygwin64\tmp\ccIgZmuI.ltrans12.ltrans.o

.debug_str      0x00000000     0x906a
 .debug_str     0x00000000     0x2cee C:\cygwin64\tmp\ccIgZmuI.ltrans0.ltrans.o
                               0x2e33 (size before relaxing)
 .debug_str     0x00002cee     0x2844 C:\cygwin64\tmp\ccIgZmuI.ltrans1.ltrans.o
                               0x35c7 (size before relaxing)
 .debug_str     0x00005532      0xaac C:\cygwin64\tmp\ccIgZmuI.ltrans2.ltrans.o
                               0x18e8 (size before relaxing)
 .debug_str     0x00005fde      0xaf5 C:\cygwin64\tmp\ccIgZmuI.ltrans3.ltrans.o
                               0x1635 (size before relaxing)
 .debug_str     0x00006ad3      0xc5c C:\cygwin64\tmp\ccIgZmuI.ltrans4.ltrans.o
                               0x21c6 (size before relaxing)
 .debug_str     0x0000772f      0x5f5 C:\cygwin64\tmp\ccIgZmuI.ltrans5.ltrans.o
                               0x11d9 (size before relaxing)
 .debug_str     0x00007d24      0x4b3 C:\cygwin64\tmp\ccIgZmuI.ltrans6.ltrans.o
                               0x2093 (size before relaxing)
 .debug_str     0x000081d7      0x548 C:\cygwin64\tmp\ccIgZmuI.ltrans7.ltrans.o
                               0x1c49 (size before relaxing)
 .debug_str     0x0000871f      0x216 C:\cygwin64\tmp\ccIgZmuI.ltrans8.ltrans.o
                               0x1196 (size before relaxing)
 .debug_str     0x00008935      0x3bb C:\cygwin64\tmp\ccIgZmuI.ltrans9.ltrans.o
                                0x9cc (size before relaxing)
 .debug_str     0x00008cf0      0x164 C:\cygwin64\tmp\ccIgZmuI.ltrans10.ltrans.o
                                0xe6a (size before relaxing)
 .debug_str     0x00008e54      0x153 C:\cygwin64\tmp\ccIgZmuI.ltrans11.ltrans.o
                                0x883 (size before relaxing)
 .debug_str     0x00008fa7       0xc3 C:\cygwin64\tmp\ccIgZmuI.ltrans12.ltrans.o
                                0x529 (size before relaxing)

.comment        0x00000000       0x70
 .comment       0x00000000       0x70 C:\cygwin64\tmp\ccIgZmuI.ltrans0.ltrans.o
                                 0x71 (size before relaxing)
 .comment       0x00000000       0x71 C:\cygwin64\tmp\ccIgZmuI.ltrans1.ltrans.o
 .comment       0x00000000       0x71 C:\cygwin64\tmp\ccIgZmuI.ltrans2.ltrans.o
 .comment       0x00000000       0x71 C:\cygwin64\tmp\ccIgZmuI.ltrans3.ltrans.o
 .comment       0x00000000       0x71 C:\cygwin64\tmp\ccIgZmuI.ltrans4.ltrans.o
 .comment       0x00000000       0x71 C:\cygwin64\tmp\ccIgZmuI.ltrans5.ltrans.o
 .comment       0x00000000       0x71 C:\cygwin64\tmp\ccIgZmuI.ltrans6.ltrans.o
 .comment       0x00000000       0x71 C:\cygwin64\tmp\ccIgZmuI.ltrans7.ltrans.o
 .comment       0x00000000       0x71 C:\cygwin64\tmp\ccIgZmuI.ltrans8.ltrans.o
 .comment       0x00000000       0x71 C:\cygwin64\tmp\ccIgZmuI.ltrans9.ltrans.o
 .comment       0x00000000       0x71 C:\cygwin64\tmp\ccIgZmuI.ltrans10.ltrans.o
 .comment       0x00000000       0x71 C:\cygwin64\tmp\ccIgZmuI.ltrans11.ltrans.o
 .comment       0x00000000       0x71 C:\cygwin64\tmp\ccIgZmuI.ltrans12.ltrans.o

.debug_frame    0x00000000     0x13e4
 .debug_frame   0x00000000       0x2c C:\cygwin64\tmp\ccIgZmuI.ltrans0.ltrans.o
 .debug_frame   0x0000002c       0x3c C:\cygwin64\tmp\ccIgZmuI.ltrans1.ltrans.o
 .debug_frame   0x00000068       0x3c C:\cygwin64\tmp\ccIgZmuI.ltrans2.ltrans.o
 .debug_frame   0x000000a4       0x38 C:\cygwin64\tmp\ccIgZmuI.ltrans3.ltrans.o
 .debug_frame   0x000000dc      0x618 C:\cygwin64\tmp\ccIgZmuI.ltrans4.ltrans.o
 .debug_frame   0x000006f4      0x138 C:\cygwin64\tmp\ccIgZmuI.ltrans5.ltrans.o
 .debug_frame   0x0000082c      0x18c C:\cygwin64\tmp\ccIgZmuI.ltrans6.ltrans.o
 .debug_frame   0x000009b8      0x120 C:\cygwin64\tmp\ccIgZmuI.ltrans7.ltrans.o
 .debug_frame   0x00000ad8      0x110 C:\cygwin64\tmp\ccIgZmuI.ltrans8.ltrans.o
 .debug_frame   0x00000be8      0x17c C:\cygwin64\tmp\ccIgZmuI.ltrans9.ltrans.o
 .debug_frame   0x00000d64       0x74 C:\cygwin64\tmp\ccIgZmuI.ltrans10.ltrans.o
 .debug_frame   0x00000dd8       0xd0 C:\cygwin64\tmp\ccIgZmuI.ltrans11.ltrans.o
 .debug_frame   0x00000ea8       0x68 C:\cygwin64\tmp\ccIgZmuI.ltrans12.ltrans.o
 .debug_frame   0x00000f10       0x28 c:/users/chalpathi/desktop/arm/bin/../lib/gcc/arm-none-eabi/4.8.4/armv7-m\libgcc.a(_fixsfdi.o)
 .debug_frame   0x00000f38       0x2c c:/users/chalpathi/desktop/arm/bin/../lib/gcc/arm-none-eabi/4.8.4/armv7-m\libgcc.a(_fixunssfdi.o)
 .debug_frame   0x00000f64       0x58 c:/users/chalpathi/desktop/arm/bin/../lib/gcc/arm-none-eabi/4.8.4/armv7-m\libgcc.a(bpabi.o)
 .debug_frame   0x00000fbc       0x34 c:/users/chalpathi/desktop/arm/bin/../lib/gcc/arm-none-eabi/4.8.4/armv7-m\libgcc.a(_divdi3.o)
 .debug_frame   0x00000ff0       0x34 c:/users/chalpathi/desktop/arm/bin/../lib/gcc/arm-none-eabi/4.8.4/armv7-m\libgcc.a(_udivdi3.o)
 .debug_frame   0x00001024       0x28 c:/users/chalpathi/desktop/arm/bin/../lib/gcc/arm-none-eabi/4.8.4/../../../../arm-none-eabi/lib/armv7-m\libg_s.a(lib_a-memcpy-stub.o)
 .debug_frame   0x0000104c       0x20 c:/users/chalpathi/desktop/arm/bin/../lib/gcc/arm-none-eabi/4.8.4/../../../../arm-none-eabi/lib/armv7-m\libg_s.a(lib_a-memset.o)
 .debug_frame   0x0000106c       0x20 c:/users/chalpathi/desktop/arm/bin/../lib/gcc/arm-none-eabi/4.8.4/../../../../arm-none-eabi/lib/armv7-m\libg_s.a(lib_a-strchr.o)
 .debug_frame   0x0000108c       0x20 c:/users/chalpathi/desktop/arm/bin/../lib/gcc/arm-none-eabi/4.8.4/../../../../arm-none-eabi/lib/armv7-m\libg_s.a(lib_a-strlen.o)
 .debug_frame   0x000010ac       0x2c c:/users/chalpathi/desktop/arm/bin/../lib/gcc/arm-none-eabi/4.8.4/../../../../arm-none-eabi/lib/armv7-m\libm.a(lib_a-sf_lrint.o)
 .debug_frame   0x000010d8       0x30 c:/users/chalpathi/desktop/arm/bin/../lib/gcc/arm-none-eabi/4.8.4/../../../../arm-none-eabi/lib/armv7-m\libm.a(lib_a-wf_acos.o)
 .debug_frame   0x00001108       0x20 c:/users/chalpathi/desktop/arm/bin/../lib/gcc/arm-none-eabi/4.8.4/../../../../arm-none-eabi/lib/armv7-m\libm.a(lib_a-wf_atan2.o)
 .debug_frame   0x00001128       0x34 c:/users/chalpathi/desktop/arm/bin/../lib/gcc/arm-none-eabi/4.8.4/../../../../arm-none-eabi/lib/armv7-m\libm.a(lib_a-wf_pow.o)
 .debug_frame   0x0000115c       0x30 c:/users/chalpathi/desktop/arm/bin/../lib/gcc/arm-none-eabi/4.8.4/../../../../arm-none-eabi/lib/armv7-m\libm.a(lib_a-wf_sqrt.o)
 .debug_frame   0x0000118c       0x30 c:/users/chalpathi/desktop/arm/bin/../lib/gcc/arm-none-eabi/4.8.4/../../../../arm-none-eabi/lib/armv7-m\libm.a(lib_a-ef_acos.o)
 .debug_frame   0x000011bc       0x30 c:/users/chalpathi/desktop/arm/bin/../lib/gcc/arm-none-eabi/4.8.4/../../../../arm-none-eabi/lib/armv7-m\libm.a(lib_a-ef_atan2.o)
 .debug_frame   0x000011ec       0x38 c:/users/chalpathi/desktop/arm/bin/../lib/gcc/arm-none-eabi/4.8.4/../../../../arm-none-eabi/lib/armv7-m\libm.a(lib_a-ef_pow.o)
 .debug_frame   0x00001224       0x30 c:/users/chalpathi/desktop/arm/bin/../lib/gcc/arm-none-eabi/4.8.4/../../../../arm-none-eabi/lib/armv7-m\libm.a(lib_a-ef_sqrt.o)
 .debug_frame   0x00001254       0x20 c:/users/chalpathi/desktop/arm/bin/../lib/gcc/arm-none-eabi/4.8.4/../../../../arm-none-eabi/lib/armv7-m\libm.a(lib_a-s_matherr.o)
 .debug_frame   0x00001274       0x20 c:/users/chalpathi/desktop/arm/bin/../lib/gcc/arm-none-eabi/4.8.4/../../../../arm-none-eabi/lib/armv7-m\libm.a(lib_a-s_nan.o)
 .debug_frame   0x00001294       0x34 c:/users/chalpathi/desktop/arm/bin/../lib/gcc/arm-none-eabi/4.8.4/../../../../arm-none-eabi/lib/armv7-m\libm.a(lib_a-s_rint.o)
 .debug_frame   0x000012c8       0x30 c:/users/chalpathi/desktop/arm/bin/../lib/gcc/arm-none-eabi/4.8.4/../../../../arm-none-eabi/lib/armv7-m\libm.a(lib_a-sf_atan.o)
 .debug_frame   0x000012f8       0x20 c:/users/chalpathi/desktop/arm/bin/../lib/gcc/arm-none-eabi/4.8.4/../../../../arm-none-eabi/lib/armv7-m\libm.a(lib_a-sf_fabs.o)
 .debug_frame   0x00001318       0x20 c:/users/chalpathi/desktop/arm/bin/../lib/gcc/arm-none-eabi/4.8.4/../../../../arm-none-eabi/lib/armv7-m\libm.a(lib_a-sf_finite.o)
 .debug_frame   0x00001338       0x20 c:/users/chalpathi/desktop/arm/bin/../lib/gcc/arm-none-eabi/4.8.4/../../../../arm-none-eabi/lib/armv7-m\libm.a(lib_a-sf_fpclassify.o)
 .debug_frame   0x00001358       0x20 c:/users/chalpathi/desktop/arm/bin/../lib/gcc/arm-none-eabi/4.8.4/../../../../arm-none-eabi/lib/armv7-m\libm.a(lib_a-sf_nan.o)
 .debug_frame   0x00001378       0x2c c:/users/chalpathi/desktop/arm/bin/../lib/gcc/arm-none-eabi/4.8.4/../../../../arm-none-eabi/lib/armv7-m\libm.a(lib_a-sf_scalbn.o)
 .debug_frame   0x000013a4       0x20 c:/users/chalpathi/desktop/arm/bin/../lib/gcc/arm-none-eabi/4.8.4/../../../../arm-none-eabi/lib/armv7-m\libm.a(lib_a-sf_copysign.o)
 .debug_frame   0x000013c4       0x20 c:/users/chalpathi/desktop/arm/bin/../lib/gcc/arm-none-eabi/4.8.4/../../../../arm-none-eabi/lib/armv7-m\libc_s.a(lib_a-errno.o)
